// Vitest Snapshot v1, https://vitest.dev/guide/snapshot.html

exports[`filter conformance: DuckDB (frontend) vs SQLite (alert worker) > matches the recorded behaviour of every filter 1`] = `
{
  "amd-only": [
    "bare-amd",
  ],
  "cores-8-plus": [
    "bare-amd",
  ],
  "cores-full-range": [
    "bare-amd",
    "bare-intel",
    "big-ram",
    "dual-cpu",
    "extras-all",
    "finland",
    "hdd-2x2000",
    "hdd-4x10000",
    "many-cores",
    "mixed-all",
    "nbg",
    "no-ecc",
    "nvme-2x1920",
    "nvme-2x4000",
    "nvme-mixed",
    "sata-2x512",
    "small-ram",
    "unknown-cpu",
  ],
  "cpu-model": [
    "bare-intel",
    "big-ram",
    "dual-cpu",
    "extras-all",
    "finland",
    "hdd-2x2000",
    "hdd-4x10000",
    "many-cores",
    "mixed-all",
    "nbg",
    "no-ecc",
    "nvme-2x1920",
    "nvme-2x4000",
    "nvme-mixed",
    "sata-2x512",
    "small-ram",
  ],
  "dc-city-prefix": [
    "bare-amd",
    "bare-intel",
    "big-ram",
    "dual-cpu",
    "extras-all",
    "hdd-2x2000",
    "hdd-4x10000",
    "many-cores",
    "mixed-all",
    "no-ecc",
    "nvme-2x1920",
    "nvme-2x4000",
    "nvme-mixed",
    "sata-2x512",
    "small-ram",
    "unknown-cpu",
  ],
  "dc-exact": [
    "bare-amd",
    "bare-intel",
    "big-ram",
    "dual-cpu",
    "extras-all",
    "hdd-2x2000",
    "hdd-4x10000",
    "many-cores",
    "mixed-all",
    "no-ecc",
    "nvme-2x1920",
    "nvme-2x4000",
    "nvme-mixed",
    "sata-2x512",
    "small-ram",
    "unknown-cpu",
  ],
  "dc-mixed": [
    "finland",
    "nbg",
  ],
  "default": [
    "bare-amd",
    "bare-intel",
    "big-ram",
    "dual-cpu",
    "extras-all",
    "finland",
    "hdd-2x2000",
    "hdd-4x10000",
    "many-cores",
    "mixed-all",
    "nbg",
    "no-ecc",
    "nvme-2x1920",
    "nvme-2x4000",
    "nvme-mixed",
    "sata-2x512",
    "unknown-cpu",
  ],
  "dual-cpu": [
    "dual-cpu",
  ],
  "ecc-forbidden": [
    "no-ecc",
  ],
  "ecc-required": [
    "bare-amd",
    "bare-intel",
    "big-ram",
    "dual-cpu",
    "extras-all",
    "finland",
    "hdd-2x2000",
    "hdd-4x10000",
    "many-cores",
    "mixed-all",
    "nbg",
    "nvme-2x1920",
    "nvme-2x4000",
    "nvme-mixed",
    "sata-2x512",
    "small-ram",
    "unknown-cpu",
  ],
  "finland-only": [
    "finland",
  ],
  "germany-only": [
    "bare-amd",
    "bare-intel",
    "big-ram",
    "dual-cpu",
    "extras-all",
    "hdd-2x2000",
    "hdd-4x10000",
    "many-cores",
    "mixed-all",
    "nbg",
    "no-ecc",
    "nvme-2x1920",
    "nvme-2x4000",
    "nvme-mixed",
    "sata-2x512",
    "small-ram",
    "unknown-cpu",
  ],
  "gpu-required": [
    "extras-all",
  ],
  "hdd-total-39tb": [
    "hdd-4x10000",
  ],
  "inic-required": [
    "extras-all",
  ],
  "intel-only": [
    "bare-intel",
    "big-ram",
    "dual-cpu",
    "extras-all",
    "finland",
    "hdd-2x2000",
    "hdd-4x10000",
    "many-cores",
    "mixed-all",
    "nbg",
    "no-ecc",
    "nvme-2x1920",
    "nvme-2x4000",
    "nvme-mixed",
    "sata-2x512",
    "small-ram",
    "unknown-cpu",
  ],
  "no-location": [],
  "nvme-count-2": [
    "nvme-2x1920",
    "nvme-2x4000",
    "nvme-mixed",
  ],
  "nvme-per-disk-3.5tb": [
    "bare-amd",
    "bare-intel",
    "big-ram",
    "dual-cpu",
    "extras-all",
    "finland",
    "hdd-2x2000",
    "hdd-4x10000",
    "many-cores",
    "nbg",
    "no-ecc",
    "nvme-2x4000",
    "sata-2x512",
    "small-ram",
    "unknown-cpu",
  ],
  "nvme-total-4tb": [
    "nvme-2x4000",
    "nvme-mixed",
  ],
  "open": [
    "bare-amd",
    "bare-intel",
    "big-ram",
    "dual-cpu",
    "extras-all",
    "finland",
    "hdd-2x2000",
    "hdd-4x10000",
    "many-cores",
    "mixed-all",
    "nbg",
    "no-ecc",
    "nvme-2x1920",
    "nvme-2x4000",
    "nvme-mixed",
    "sata-2x512",
    "small-ram",
    "unknown-cpu",
  ],
  "or-nothing-active": [
    "bare-amd",
    "bare-intel",
    "big-ram",
    "dual-cpu",
    "extras-all",
    "finland",
    "hdd-2x2000",
    "hdd-30tb",
    "hdd-4x10000",
    "many-cores",
    "mixed-all",
    "nbg",
    "no-ecc",
    "nvme-12tb",
    "nvme-2x1920",
    "nvme-2x4000",
    "nvme-mixed",
    "sata-2x512",
    "small-ram",
    "unknown-cpu",
  ],
  "or-nvme-or-hdd": [
    "hdd-2x2000",
    "hdd-4x10000",
    "mixed-all",
    "nvme-2x1920",
    "nvme-2x4000",
    "nvme-mixed",
  ],
  "ram-64-plus": [
    "bare-amd",
    "bare-intel",
    "big-ram",
    "dual-cpu",
    "extras-all",
    "finland",
    "hdd-2x2000",
    "hdd-4x10000",
    "many-cores",
    "mixed-all",
    "nbg",
    "no-ecc",
    "nvme-2x1920",
    "nvme-2x4000",
    "nvme-mixed",
    "sata-2x512",
    "unknown-cpu",
  ],
  "ram-upto-32": [
    "small-ram",
  ],
  "rps-hwr-required": [
    "extras-all",
  ],
  "sata-count-2": [
    "mixed-all",
    "sata-2x512",
  ],
  "threads-16-plus": [
    "bare-amd",
  ],
}
`;
